// Jest Snapshot v1, https://goo.gl/fbAQLP

exports[`if matches snapshot 1`] = `
<div
  className="relative"
>
  <input
    className="transition-colors duration-100 ease-in-out text-gray-600 py-2  pr-10 pl-8 block w-full appearance-none leading-normal border border-transparent  rounded focus:outline-none text-left select-none truncate focus:bg-white  focus:border-gray-300 bg-gray-200"
    id="search"
    onChange={undefined}
    placeholder={undefined}
    value={undefined}
  />
  <div
    className="absolute inset-y-0 left-0 pl-2 flex items-center"
  >
    <svg
      className={undefined}
      fill="none"
      height="1em"
      stroke="currentColor"
      strokeWidth="0"
      style={
        Object {
          "color": undefined,
        }
      }
      viewBox="0 0 24 24"
      width="1em"
      xmlns="http://www.w3.org/2000/svg"
    >
      <path
        d="M21 21l-6-6m2-5a7 7 0 11-14 0 7 7 0 0114 0z"
        strokeLinecap="round"
        strokeLinejoin="round"
        strokeWidth="2"
      />
    </svg>
  </div>
  <div
    className="cursor-pointer absolute inset-y-0 right-0 pr-4 flex items-center"
    onClick={undefined}
  >
    <svg
      className={undefined}
      fill="currentColor"
      height="1em"
      stroke="currentColor"
      strokeWidth="0"
      style={
        Object {
          "color": undefined,
        }
      }
      viewBox="0 0 20 20"
      width="1em"
      xmlns="http://www.w3.org/2000/svg"
    >
      <path
        clipRule="evenodd"
        d="M4.293 4.293a1 1 0 011.414 0L10 8.586l4.293-4.293a1 1 0 111.414 1.414L11.414 10l4.293 4.293a1 1 0 01-1.414 1.414L10 11.414l-4.293 4.293a1 1 0 01-1.414-1.414L8.586 10 4.293 5.707a1 1 0 010-1.414z"
        fillRule="evenodd"
      />
    </svg>
  </div>
</div>
`;
