// Jest Snapshot v1, https://goo.gl/fbAQLP

exports[`if matches snapshot 1`] = `
Array [
  <span
    className="font-bold text-lg"
>
     (
    2
    )
</span>,
  <div
    className="flex flex-wrap justify-center lg:justify-start"
>
    <a
        className="flex flex-col items-center w-32 md:w-48 bg-gray-100 rounded  p-2 md:p-3 m-1 md:m-3 hover:bg-gray-200 hover:shadow"
        href="/users/1"
        onClick={[Function]}
    >
        <div
            className="h-16 w-16 bg-cover rounded-full bg-center"
            style={
                Object {
                    "backgroundImage": "url(testImage})",
                  }
            }
            title="Profile Image"
        />
        <div
            className="text-sm font-medium m-3"
        >
            Anna
        </div>
    </a>
    <a
        className="flex flex-col items-center w-32 md:w-48 bg-gray-100 rounded  p-2 md:p-3 m-1 md:m-3 hover:bg-gray-200 hover:shadow"
        href="/users/2"
        onClick={[Function]}
    >
        <div
            className="h-16 w-16 bg-cover rounded-full bg-center"
            style={
                Object {
                    "backgroundImage": "url(testImage})",
                  }
            }
            title="Profile Image"
        />
        <div
            className="text-sm font-medium m-3"
        >
            Alan
        </div>
    </a>
</div>,
]
`;
